// Jest Snapshot v1, https://goo.gl/fbAQLP

exports[`<Button /> Button renders correctly 1`] = `
<button
  className="___button_6tp77_1"
  style={
    Object {
      "--c8_0": "2px",
      "--c8_1": "#4ba82e",
      "--c8_2": "Helvetica, sans-serif",
    }
  }
>
  <span
    className="___span_6tp77_1"
  >
    Push Me
  </span>
</button>
`;

exports[`<Button /> Button renders correctly 2`] = `
"<style type=\\"text/css\\" id=\\"reshadow-412681657\\">.___button_6tp77_1 {
    display: flex;
    align-items: center;
    justify-content: center;

    border: none;
    padding: 1em;

    border-radius: var(--c8_0);
    background-color: var(--c8_1);
}
.___span_6tp77_1 {
    font-family: var(--c8_2);
    font-size: 1em;
    color: #ffffff;
    text-transform: capitalize;
}</style>"
`;
